// Jest Snapshot v1, https://goo.gl/fbAQLP

exports[`renders Home empty page 1`] = `
Array [
  <header
    className="App-header"
  >
    <a
      className="logo"
      href="/"
    >
      <i
        className="icon-logo"
      />
      <h1>
        SmartAppliances
      </h1>
    </a>
  </header>,
  <nav
    aria-label="breadcrumb"
    className="breadcrumb-main"
  >
    <ol
      className="breadcrumb"
    >
      <li
        aria-current="page"
        className="breadcrumb-item active"
      >
        My Smart Appliances
      </li>
    </ol>
  </nav>,
  <main
    className="cards"
  >
    <div
      className="card"
    >
      <div
        className="card-body flex"
      >
        <button
          className="btn btn-plus"
          onClick={[Function]}
        >
          <p
            className="card-text plus"
          >
            +
          </p>
          <p
            className="card-text plus-add"
          >
            Add new appliance
          </p>
        </button>
      </div>
    </div>
  </main>,
]
`;
